 ____________ 
< 漢字テスト >
 ------------ 
     \
      \  .-----.
               / (oo) \
              |  .---.  |
              |  |    |  |
               \ `---' /
           ,--/`-----'\--.
          /  |         |  \
         / \ |  ,---.  | / \
        /   \| /     \ |/   \
       |     |/  ,-,  \|     |
        \    /  /   \  \    /
         `--' .-`   '-.  `--'
              |  | |  |
              `--' `--'
