 ____________ 
< 漢字テスト >
 ------------ 
   \      _____     _____
    \    /     \   /     \
       _/  | oo |   | oo |  \_
      /     \_____/ ^ \_____/     \
     |            -WW-            |
     |            (  )            |
      \                        /
       |                      |
       |                      |
        \                    /
         '.                .'
          | |          | |
         _| |          | |_
        (___)          (___)
