 _______ 
< hello >
 ------- 
   \      _____     _____
    \    /     \   /     \
       _/  | ^^ |   | ^^ |  \_
      /     \_____/ ^ \_____/     \
     |            -WW-            |
     |            (U )            |
      \                        /
       |                      |
       |                      |
        \                    /
         '.                .'
          | |          | |
         _| |          | |_
        (___)          (___)
