 _______ 
( hello )
 ------- 
   o      _____     _____
    o    /     \   /     \
       _/  | oo |   | oo |  \_
      /     \_____/ ^ \_____/     \
     |            -WW-            |
     |            (  )            |
      \                        /
       |                      |
       |                      |
        \                    /
         '.                .'
          | |          | |
         _| |          | |_
        (___)          (___)
