 _______ 
( hello )
 ------- 
     o
      o  .-----.
               / (oo) \
              |  .---.  |
              |  |    |  |
               \ `---' /
           ,--/`-----'\--.
          /  |         |  \
         / \ |  ,---.  | / \
        /   \| /     \ |/   \
       |     |/  ,-,  \|     |
        \    /  /   \  \    /
         `--' .-`   '-.  `--'
              |  | |  |
              `--' `--'
