 __________________________________________ 
/ a long message that should wrap at forty \
\ columns                                  /
 ------------------------------------------ 
     \
      \  .-----.
               / (oo) \
              |  .---.  |
              |  |    |  |
               \ `---' /
           ,--/`-----'\--.
          /  |         |  \
         / \ |  ,---.  | / \
        /   \| /     \ |/   \
       |     |/  ,-,  \|     |
        \    /  /   \  \    /
         `--' .-`   '-.  `--'
              |  | |  |
              `--' `--'
